// Jest Snapshot v1, https://goo.gl/fbAQLP

exports[`Form component renders properly snapshot checks out 1`] = `
<div
  className="form-container"
>
  <form
    data-testid="test-form"
    id="test-form"
    onSubmit={[MockFunction]}
  />
</div>
`;
